Clock: clk
Sources: wb_clk_i 
Generated: no
Virtual: yes
Propagated: no
Period: 25.000000

===========================================================================
report_clock_properties
============================================================================
Clock                   Period          Waveform
----------------------------------------------------
clk                  25.000000    0.000000 12.500000

===========================================================================
report_clock_latency
============================================================================
Clock clk
rise -> rise
    min     max
4.650000 5.570000 source latency
5.826984         network latency _121943_/CLK
        7.064399 network latency _124563_/CLK
---------------
10.476984 12.634398 latency
        2.157415 skew

fall -> fall
    min     max
4.650000 5.570000 source latency
5.899212         network latency _121943_/CLK
        7.087806 network latency _125366_/CLK
---------------
10.549212 12.657805 latency
        2.108594 skew



===========================================================================
report_clock_min_period
============================================================================
clk period_min = 9.35 fmax = 106.91
