
===========================================================================
 report_power
============================================================================
======================= min_ff_n40C_1v95 Corner ===================================

Group                    Internal    Switching      Leakage        Total
                            Power        Power        Power        Power (Watts)
------------------------------------------------------------------------
Sequential           1.145479e-02 9.999972e-09 1.104650e-07 1.145491e-02  38.3%
Combinational        3.022972e-04 1.073959e-03 1.567292e-06 1.377823e-03   4.6%
Clock                9.015668e-03 7.744306e-03 8.743822e-08 1.676006e-02  56.0%
Macro                3.141761e-04 2.101827e-06 2.302500e-09 3.162802e-04   1.1%
Pad                  0.000000e+00 0.000000e+00 0.000000e+00 0.000000e+00   0.0%
------------------------------------------------------------------------
Total                2.108691e-02 8.820380e-03 1.767530e-06 2.990906e-02 100.0%
                            70.5%        29.5%         0.0%

