
===========================================================================
 report_power
============================================================================
======================= min_ff_n40C_1v95 Corner ===================================

Group                    Internal    Switching      Leakage        Total
                            Power        Power        Power        Power (Watts)
------------------------------------------------------------------------
Sequential           1.141477e-02 2.242541e-09 1.247095e-07 1.141489e-02  29.7%
Combinational        3.546009e-04 1.265732e-03 1.711134e-06 1.622045e-03   4.2%
Clock                1.534845e-02 9.721438e-03 1.379558e-07 2.507002e-02  65.2%
Macro                3.141761e-04 3.590760e-06 2.302500e-09 3.177691e-04   0.8%
Pad                  0.000000e+00 0.000000e+00 0.000000e+00 0.000000e+00   0.0%
------------------------------------------------------------------------
Total                2.743197e-02 1.099073e-02 1.976152e-06 3.842467e-02 100.0%
                            71.4%        28.6%         0.0%

