
===========================================================================
 report_power
============================================================================
======================= min_ff_n40C_1v95 Corner ===================================

Group                    Internal    Switching      Leakage        Total
                            Power        Power        Power        Power (Watts)
------------------------------------------------------------------------
Sequential           1.145991e-02 1.625051e-09 1.098517e-07 1.146002e-02  38.7%
Combinational        3.028453e-04 1.070430e-03 1.575433e-06 1.374851e-03   4.6%
Clock                8.734230e-03 7.702489e-03 8.588247e-08 1.643680e-02  55.6%
Macro                3.141761e-04 2.118473e-06 2.302500e-09 3.162968e-04   1.1%
Pad                  0.000000e+00 0.000000e+00 0.000000e+00 0.000000e+00   0.0%
------------------------------------------------------------------------
Total                2.081117e-02 8.775019e-03 1.773501e-06 2.958797e-02 100.0%
                            70.3%        29.7%         0.0%

