Clock: clk
Sources: wb_clk_i 
Generated: no
Virtual: yes
Propagated: no
Period: 25.000000

===========================================================================
report_clock_properties
============================================================================
Clock                   Period          Waveform
----------------------------------------------------
clk                  25.000000    0.000000 12.500000

===========================================================================
report_clock_latency
============================================================================
Clock clk
rise -> rise
    min     max
4.650000 5.570000 source latency
5.976890         network latency _124171_/CLK
        7.278768 network latency _124563_/CLK
---------------
10.626890 12.848767 latency
        2.221878 skew

fall -> fall
    min     max
4.650000 5.570000 source latency
6.056037         network latency _124171_/CLK
        7.307642 network latency _122362_/CLK
---------------
10.706038 12.877643 latency
        2.171605 skew



===========================================================================
report_clock_min_period
============================================================================
clk period_min = 9.77 fmax = 102.37
