
===========================================================================
 report_power
============================================================================
======================= max_ff_n40C_1v95 Corner ===================================

Group                    Internal    Switching      Leakage        Total
                            Power        Power        Power        Power (Watts)
------------------------------------------------------------------------
Sequential           1.145560e-02 2.251094e-09 1.097339e-07 1.145571e-02  36.6%
Combinational        2.993825e-04 1.222473e-03 1.573056e-06 1.523429e-03   4.9%
Clock                9.601501e-03 8.437629e-03 9.074640e-08 1.803922e-02  57.6%
Macro                3.141761e-04 2.859579e-06 2.302500e-09 3.170379e-04   1.0%
Pad                  0.000000e+00 0.000000e+00 0.000000e+00 0.000000e+00   0.0%
------------------------------------------------------------------------
Total                2.167051e-02 9.662929e-03 1.775875e-06 3.133522e-02 100.0%
                            69.2%        30.8%         0.0%

