
===========================================================================
 report_power
============================================================================
======================= max_ff_n40C_1v95 Corner ===================================

Group                    Internal    Switching      Leakage        Total
                            Power        Power        Power        Power (Watts)
------------------------------------------------------------------------
Sequential           1.145253e-02 1.707379e-09 1.098517e-07 1.145264e-02  37.5%
Combinational        3.034940e-04 1.232608e-03 1.575433e-06 1.537677e-03   5.0%
Clock                8.743837e-03 8.480761e-03 8.588247e-08 1.722468e-02  56.4%
Macro                3.141761e-04 2.431962e-06 2.302500e-09 3.166103e-04   1.0%
Pad                  0.000000e+00 0.000000e+00 0.000000e+00 0.000000e+00   0.0%
------------------------------------------------------------------------
Total                2.081387e-02 9.715783e-03 1.773501e-06 3.053143e-02 100.0%
                            68.2%        31.8%         0.0%

