
===========================================================================
 report_power
============================================================================
======================= max_ff_n40C_1v95 Corner ===================================

Group                    Internal    Switching      Leakage        Total
                            Power        Power        Power        Power (Watts)
------------------------------------------------------------------------
Sequential           1.144728e-02 1.150632e-08 1.104650e-07 1.144740e-02  37.1%
Combinational        3.029485e-04 1.245007e-03 1.567292e-06 1.549523e-03   5.0%
Clock                9.025494e-03 8.555898e-03 8.743822e-08 1.758148e-02  56.9%
Macro                3.141761e-04 2.398621e-06 2.302500e-09 3.165770e-04   1.0%
Pad                  0.000000e+00 0.000000e+00 0.000000e+00 0.000000e+00   0.0%
------------------------------------------------------------------------
Total                2.108975e-02 9.803291e-03 1.767530e-06 3.089481e-02 100.0%
                            68.3%        31.7%         0.0%

