
===========================================================================
 report_power
============================================================================
======================= nom_tt_025C_1v80 Corner ===================================

Group                    Internal    Switching      Leakage        Total
                            Power        Power        Power        Power (Watts)
------------------------------------------------------------------------
Sequential           9.852795e-03 1.776071e-09 5.131530e-08 9.852848e-03  37.0%
Combinational        2.572410e-04 9.789523e-04 5.128070e-07 1.236706e-03   4.6%
Clock                8.411475e-03 6.805902e-03 2.807240e-08 1.521740e-02  57.2%
Macro                3.141761e-04 2.955764e-06 2.302500e-09 3.171341e-04   1.2%
Pad                  0.000000e+00 0.000000e+00 0.000000e+00 0.000000e+00   0.0%
------------------------------------------------------------------------
Total                1.883557e-02 7.787791e-03 5.944764e-07 2.662395e-02 100.0%
                            70.7%        29.3%         0.0%

