
===========================================================================
 report_power
============================================================================
======================= nom_tt_025C_1v80 Corner ===================================

Group                    Internal    Switching      Leakage        Total
                            Power        Power        Power        Power (Watts)
------------------------------------------------------------------------
Sequential           9.850476e-03 1.351821e-09 5.131585e-08 9.850528e-03  38.1%
Combinational        2.612641e-04 9.878882e-04 5.131540e-07 1.249666e-03   4.8%
Clock                7.615991e-03 6.841589e-03 2.711437e-08 1.445761e-02  55.9%
Macro                3.141761e-04 2.298884e-06 2.302500e-09 3.164772e-04   1.2%
Pad                  0.000000e+00 0.000000e+00 0.000000e+00 0.000000e+00   0.0%
------------------------------------------------------------------------
Total                1.804175e-02 7.831774e-03 5.938640e-07 2.587412e-02 100.0%
                            69.7%        30.3%         0.0%

