
===========================================================================
 report_power
============================================================================
======================= nom_tt_025C_1v80 Corner ===================================

Group                    Internal    Switching      Leakage        Total
                            Power        Power        Power        Power (Watts)
------------------------------------------------------------------------
Sequential           9.852845e-03 1.760690e-09 5.131530e-08 9.852898e-03  37.0%
Combinational        2.572463e-04 9.786912e-04 5.128070e-07 1.236450e-03   4.6%
Clock                8.411478e-03 6.800817e-03 2.807222e-08 1.521232e-02  57.1%
Macro                3.141761e-04 2.683974e-06 2.302500e-09 3.168623e-04   1.2%
Pad                  0.000000e+00 0.000000e+00 0.000000e+00 0.000000e+00   0.0%
------------------------------------------------------------------------
Total                1.883558e-02 7.782165e-03 5.944763e-07 2.661834e-02 100.0%
                            70.8%        29.2%         0.0%

