
===========================================================================
 report_power
============================================================================
======================= min_ss_100C_1v60 Corner ===================================

Group                    Internal    Switching      Leakage        Total
                            Power        Power        Power        Power (Watts)
------------------------------------------------------------------------
Sequential           7.635952e-03 1.409988e-09 9.017692e-05 7.726130e-03  28.5%
Combinational        2.460232e-04 8.476768e-04 5.694291e-04 1.663129e-03   6.1%
Clock                1.094948e-02 6.387083e-03 4.312831e-05 1.737970e-02  64.2%
Macro                3.141761e-04 3.591272e-06 2.302500e-09 3.177696e-04   1.2%
Pad                  0.000000e+00 0.000000e+00 0.000000e+00 0.000000e+00   0.0%
------------------------------------------------------------------------
Total                1.914561e-02 7.238338e-03 7.027334e-04 2.708668e-02 100.0%
                            70.7%        26.7%         2.6%

