
===========================================================================
 report_power
============================================================================
======================= min_ss_100C_1v60 Corner ===================================

Group                    Internal    Switching      Leakage        Total
                            Power        Power        Power        Power (Watts)
------------------------------------------------------------------------
Sequential           7.625654e-03 9.942311e-10 8.788166e-05 7.713536e-03  37.0%
Combinational        2.102930e-04 7.269069e-04 5.455189e-04 1.482719e-03   7.1%
Clock                6.219250e-03 5.063544e-03 2.474615e-05 1.130754e-02  54.3%
Macro                3.141761e-04 2.122788e-06 2.302500e-09 3.163011e-04   1.5%
Pad                  0.000000e+00 0.000000e+00 0.000000e+00 0.000000e+00   0.0%
------------------------------------------------------------------------
Total                1.436938e-02 5.792557e-03 6.581109e-04 2.082005e-02 100.0%
                            69.0%        27.8%         3.2%

