
===========================================================================
 report_power
============================================================================
======================= max_ss_100C_1v60 Corner ===================================

Group                    Internal    Switching      Leakage        Total
                            Power        Power        Power        Power (Watts)
------------------------------------------------------------------------
Sequential           7.622544e-03 1.545800e-09 9.017692e-05 7.712722e-03  27.6%
Combinational        2.453717e-04 9.903420e-04 5.694291e-04 1.805143e-03   6.5%
Clock                1.096024e-02 7.131646e-03 4.312831e-05 1.813501e-02  64.8%
Macro                3.141761e-04 4.215612e-06 2.302500e-09 3.183940e-04   1.1%
Pad                  0.000000e+00 0.000000e+00 0.000000e+00 0.000000e+00   0.0%
------------------------------------------------------------------------
Total                1.914242e-02 8.126181e-03 7.027334e-04 2.797133e-02 100.0%
                            68.4%        29.1%         2.5%

