
===========================================================================
 report_power
============================================================================
======================= max_tt_025C_1v80 Corner ===================================

Group                    Internal    Switching      Leakage        Total
                            Power        Power        Power        Power (Watts)
------------------------------------------------------------------------
Sequential           9.850645e-03 1.850213e-09 5.131530e-08 9.850699e-03  36.4%
Combinational        2.570540e-04 1.044004e-03 5.128070e-07 1.301571e-03   4.8%
Clock                8.411716e-03 7.146048e-03 2.807222e-08 1.555779e-02  57.6%
Macro                3.141761e-04 2.861341e-06 2.302500e-09 3.170397e-04   1.2%
Pad                  0.000000e+00 0.000000e+00 0.000000e+00 0.000000e+00   0.0%
------------------------------------------------------------------------
Total                1.883339e-02 8.192890e-03 5.944763e-07 2.702687e-02 100.0%
                            69.7%        30.3%         0.0%

