┏━━━━━━━━━━━━━━━━━━━━━━┳━━━━━━━━━━┳━━━━━━━━━━┳━━━━━━━━━━┳━━━━━━━━━━┳━━━━━━━━━━┳━━━━━━━━━━━┳━━━━━━━━━━┳━━━━━━━━━━━┳━━━━━━━━━━┳━━━━━━━━━━━┳━━━━━━━━━━┳━━━━━━━━━━━┓
┃                      ┃ Hold     ┃ Reg to   ┃          ┃          ┃ of which ┃ Setup     ┃ Reg to   ┃           ┃ Setup    ┃ of which  ┃          ┃           ┃
┃                      ┃ Worst    ┃ Reg      ┃          ┃ Hold Vio ┃ reg to   ┃ Worst     ┃ Reg      ┃           ┃ Vio      ┃ reg to    ┃ Max Cap  ┃ Max Slew  ┃
┃ Corner/Group         ┃ Slack    ┃ Paths    ┃ Hold TNS ┃ Count    ┃ reg      ┃ Slack     ┃ Paths    ┃ Setup TNS ┃ Count    ┃ reg       ┃ Violati… ┃ Violatio… ┃
┡━━━━━━━━━━━━━━━━━━━━━━╇━━━━━━━━━━╇━━━━━━━━━━╇━━━━━━━━━━╇━━━━━━━━━━╇━━━━━━━━━━╇━━━━━━━━━━━╇━━━━━━━━━━╇━━━━━━━━━━━╇━━━━━━━━━━╇━━━━━━━━━━━╇━━━━━━━━━━╇━━━━━━━━━━━┩
│ Overall              │ 1.8245   │ 1.9772   │ 0.0000   │ 0        │ 0        │ -4.2728   │ -4.2378  │ -1440.07… │ 2637     │ 1895      │ 465      │ 3704      │
│ nom_tt_025C_1v80     │ 2.7137   │ 3.0290   │ 0.0000   │ 0        │ 0        │ 5.6260    │ N/A      │ 0.0000    │ 0        │ 0         │ 10       │ 94        │
│ nom_ss_100C_1v60     │ 5.2488   │ 6.2071   │ 0.0000   │ 0        │ 0        │ -3.6985   │ -3.6354  │ -1076.11… │ 881      │ 632       │ 338      │ 2547      │
│ nom_ff_n40C_1v95     │ 1.8809   │ 1.9778   │ 0.0000   │ 0        │ 0        │ 7.6291    │ N/A      │ 0.0000    │ 0        │ 0         │ 0        │ 0         │
│ min_tt_025C_1v80     │ 2.7891   │ 3.0325   │ 0.0000   │ 0        │ 0        │ 5.6841    │ N/A      │ 0.0000    │ 0        │ 0         │ 2        │ 20        │
│ min_ss_100C_1v60     │ 5.3256   │ 6.2104   │ 0.0000   │ 0        │ 0        │ -3.0611   │ -3.0138  │ -744.6278 │ 773      │ 553       │ 231      │ 1673      │
│ min_ff_n40C_1v95     │ 1.9282   │ 1.9772   │ 0.0000   │ 0        │ 0        │ 7.6572    │ N/A      │ 0.0000    │ 0        │ 0         │ 0        │ 0         │
│ max_tt_025C_1v80     │ 2.6184   │ 3.0289   │ 0.0000   │ 0        │ 0        │ 5.5807    │ N/A      │ 0.0000    │ 0        │ 0         │ 24       │ 181       │
│ max_ss_100C_1v60     │ 5.1319   │ 6.2109   │ 0.0000   │ 0        │ 0        │ -4.2728   │ -4.2378  │ -1440.07… │ 983      │ 710       │ 465      │ 3704      │
│ max_ff_n40C_1v95     │ 1.8245   │ 1.9823   │ 0.0000   │ 0        │ 0        │ 7.6035    │ N/A      │ 0.0000    │ 0        │ 0         │ 0        │ 2         │
└──────────────────────┴──────────┴──────────┴──────────┴──────────┴──────────┴───────────┴──────────┴───────────┴──────────┴───────────┴──────────┴───────────┘
