┏━━━━━━━━━━━━━━━━━━━━━━┳━━━━━━━━━━┳━━━━━━━━━━┳━━━━━━━━━━┳━━━━━━━━━━┳━━━━━━━━━━┳━━━━━━━━━━━┳━━━━━━━━━━┳━━━━━━━━━━━┳━━━━━━━━━━┳━━━━━━━━━━━┳━━━━━━━━━━┳━━━━━━━━━━━┓
┃                      ┃ Hold     ┃ Reg to   ┃          ┃          ┃ of which ┃ Setup     ┃ Reg to   ┃           ┃ Setup    ┃ of which  ┃          ┃           ┃
┃                      ┃ Worst    ┃ Reg      ┃          ┃ Hold Vio ┃ reg to   ┃ Worst     ┃ Reg      ┃           ┃ Vio      ┃ reg to    ┃ Max Cap  ┃ Max Slew  ┃
┃ Corner/Group         ┃ Slack    ┃ Paths    ┃ Hold TNS ┃ Count    ┃ reg      ┃ Slack     ┃ Paths    ┃ Setup TNS ┃ Count    ┃ reg       ┃ Violati… ┃ Violatio… ┃
┡━━━━━━━━━━━━━━━━━━━━━━╇━━━━━━━━━━╇━━━━━━━━━━╇━━━━━━━━━━╇━━━━━━━━━━╇━━━━━━━━━━╇━━━━━━━━━━━╇━━━━━━━━━━╇━━━━━━━━━━━╇━━━━━━━━━━╇━━━━━━━━━━━╇━━━━━━━━━━╇━━━━━━━━━━━┩
│ Overall              │ 2.0120   │ 2.0120   │ 0.0000   │ 0        │ 0        │ -5.4572   │ -4.1800  │ -1525.82… │ 2561     │ 2039      │ 532      │ 4300      │
│ nom_tt_025C_1v80     │ 2.9568   │ 3.0745   │ 0.0000   │ 0        │ 0        │ 5.3391    │ N/A      │ 0.0000    │ 0        │ 0         │ 15       │ 88        │
│ nom_ss_100C_1v60     │ 4.7918   │ 6.2682   │ 0.0000   │ 0        │ 0        │ -4.5222   │ -3.5715  │ -1127.39… │ 859      │ 678       │ 393      │ 2976      │
│ nom_ff_n40C_1v95     │ 2.0174   │ 2.0174   │ 0.0000   │ 0        │ 0        │ 7.3720    │ N/A      │ 0.0000    │ 0        │ 0         │ 0        │ 0         │
│ min_tt_025C_1v80     │ 2.9599   │ 3.0652   │ 0.0000   │ 0        │ 0        │ 5.4175    │ N/A      │ 0.0000    │ 0        │ 0         │ 1        │ 6         │
│ min_ss_100C_1v60     │ 4.6536   │ 6.2597   │ 0.0000   │ 0        │ 0        │ -3.5080   │ -2.9451  │ -783.2844 │ 732      │ 593       │ 268      │ 1957      │
│ min_ff_n40C_1v95     │ 2.0120   │ 2.0120   │ 0.0000   │ 0        │ 0        │ 7.4123    │ N/A      │ 0.0000    │ 0        │ 0         │ 0        │ 0         │
│ max_tt_025C_1v80     │ 2.9180   │ 3.0863   │ 0.0000   │ 0        │ 0        │ 5.2847    │ N/A      │ 0.0000    │ 0        │ 0         │ 38       │ 325       │
│ max_ss_100C_1v60     │ 4.9183   │ 6.2820   │ 0.0000   │ 0        │ 0        │ -5.4572   │ -4.1800  │ -1525.82… │ 970      │ 768       │ 532      │ 4300      │
│ max_ff_n40C_1v95     │ 2.0251   │ 2.0251   │ 0.0000   │ 0        │ 0        │ 7.3519    │ N/A      │ 0.0000    │ 0        │ 0         │ 1        │ 2         │
└──────────────────────┴──────────┴──────────┴──────────┴──────────┴──────────┴───────────┴──────────┴───────────┴──────────┴───────────┴──────────┴───────────┘
