Clock: clk
Sources: wb_clk_i 
Generated: no
Virtual: yes
Propagated: no
Period: 25.000000

===========================================================================
report_clock_properties
============================================================================
Clock                   Period          Waveform
----------------------------------------------------
clk                  25.000000    0.000000 12.500000

===========================================================================
report_clock_latency
============================================================================
Clock clk
rise -> rise
    min     max
4.650000 5.570000 source latency
6.537896         network latency _123820_/CLK
        7.840163 network latency _127266_/CLK
---------------
11.187896 13.410164 latency
        2.222269 skew

fall -> fall
    min     max
4.650000 5.570000 source latency
6.603660         network latency _126117_/CLK
        7.840710 network latency _127266_/CLK
---------------
11.253659 13.410709 latency
        2.157050 skew



===========================================================================
report_clock_min_period
============================================================================
clk period_min = 14.54 fmax = 68.76
