
===========================================================================
 report_power
============================================================================
======================= min_tt_025C_1v80 Corner ===================================

Group                    Internal    Switching      Leakage        Total
                            Power        Power        Power        Power (Watts)
------------------------------------------------------------------------
Sequential           9.852529e-03 1.316721e-09 5.131585e-08 9.852581e-03  38.7%
Combinational        2.614646e-04 9.144237e-04 5.131540e-07 1.176402e-03   4.6%
Clock                7.616071e-03 6.518215e-03 2.711437e-08 1.413431e-02  55.5%
Macro                3.141761e-04 2.120339e-06 2.302500e-09 3.162987e-04   1.2%
Pad                  0.000000e+00 0.000000e+00 0.000000e+00 0.000000e+00   0.0%
------------------------------------------------------------------------
Total                1.804415e-02 7.434750e-03 5.938640e-07 2.547949e-02 100.0%
                            70.8%        29.2%         0.0%

