
===========================================================================
 report_power
============================================================================
======================= min_tt_025C_1v80 Corner ===================================

Group                    Internal    Switching      Leakage        Total
                            Power        Power        Power        Power (Watts)
------------------------------------------------------------------------
Sequential           9.854887e-03 1.689262e-09 5.131530e-08 9.854940e-03  37.6%
Combinational        2.574387e-04 9.064519e-04 5.128070e-07 1.164403e-03   4.4%
Clock                8.410626e-03 6.477640e-03 2.807240e-08 1.488829e-02  56.8%
Macro                3.141761e-04 2.717280e-06 2.302500e-09 3.168956e-04   1.2%
Pad                  0.000000e+00 0.000000e+00 0.000000e+00 0.000000e+00   0.0%
------------------------------------------------------------------------
Total                1.883698e-02 7.386795e-03 5.944764e-07 2.622437e-02 100.0%
                            71.8%        28.2%         0.0%

