┏━━━━━━━┳━━━━━━━━━┳━━━━━━━━━━┳━━━━━━━━━━━━━━━━━━━━━━┳━━━━━━━━━━━━━━━━━━━━━━━━━━━━━━━━━━━━━━━━┳━━━━━━━┓
┃ P / R ┃ Partial ┃ Required ┃ Net                  ┃ Pin                                    ┃ Layer ┃
┡━━━━━━━╇━━━━━━━━━╇━━━━━━━━━━╇━━━━━━━━━━━━━━━━━━━━━━╇━━━━━━━━━━━━━━━━━━━━━━━━━━━━━━━━━━━━━━━━╇━━━━━━━┩
│ 3.16  │ 1265.47 │ 400.00   │ net17598             │ hold35993/A                            │ met1  │
│ 2.56  │ 7105.24 │ 2773.88  │ wbs_dat_o_neuro[9\]  │ ANTENNA_neuro_inst_wbs_dat_o[9]/DIODE  │ met3  │
│ 2.56  │ 7088.31 │ 2773.88  │ wbs_dat_o_neuro[10\] │ ANTENNA_neuro_inst_wbs_dat_o[10]/DIODE │ met3  │
│ 2.55  │ 7061.22 │ 2773.88  │ wbs_dat_o_neuro[14\] │ ANTENNA_neuro_inst_wbs_dat_o[14]/DIODE │ met3  │
│ 1.93  │ 770.52  │ 400.00   │ net2857              │ fanout2855/A                           │ met1  │
│ 1.86  │ 744.25  │ 400.00   │ net22431             │ _124054_/D                             │ met1  │
│ 1.79  │ 716.69  │ 400.00   │ _001513_             │ _122699_/D                             │ met1  │
│ 1.74  │ 696.28  │ 400.00   │ net2876              │ fanout2865/A                           │ met1  │
│ 1.64  │ 657.79  │ 400.00   │ net41620             │ _114629_/A1                            │ met1  │
│ 1.63  │ 650.12  │ 400.00   │ net20032             │ wire2728/A                             │ met1  │
│ 1.54  │ 617.82  │ 400.00   │ net963               │ _113677_/A2                            │ met1  │
│ 1.53  │ 4253.18 │ 2773.88  │ wbs_dat_o_neuro[2\]  │ ANTENNA_neuro_inst_wbs_dat_o[2]/DIODE  │ met3  │
│ 1.40  │ 561.65  │ 400.00   │ net2172              │ fanout2127/A                           │ met1  │
│ 1.39  │ 556.62  │ 400.00   │ net880               │ _113879_/B1                            │ met1  │
│ 1.37  │ 548.78  │ 400.00   │ _000663_             │ hold16327/A                            │ met1  │
│ 1.33  │ 531.89  │ 400.00   │ net45756             │ _068280_/A2                            │ met1  │
│ 1.28  │ 513.23  │ 400.00   │ net1820              │ fanout1818/A                           │ met1  │
│ 1.26  │ 505.33  │ 400.00   │ net16999             │ hold35821/A                            │ met1  │
│ 1.25  │ 499.01  │ 400.00   │ net20903             │ _113669_/B2                            │ met1  │
│ 1.18  │ 470.14  │ 400.00   │ _000562_             │ hold16640/A                            │ met1  │
│ 1.17  │ 468.91  │ 400.00   │ net36504             │ fanout4436/A                           │ met1  │
│ 1.16  │ 463.61  │ 400.00   │ net1596              │ fanout1557/A                           │ met1  │
│ 1.15  │ 460.64  │ 400.00   │ net1262              │ fanout1225/A                           │ met1  │
│ 1.14  │ 454.22  │ 400.00   │ net2627              │ hold15712/A                            │ met1  │
│ 1.13  │ 450.56  │ 400.00   │ net22428             │ _121846_/D                             │ met1  │
│ 1.12  │ 449.28  │ 400.00   │ net16201             │ hold35084/A                            │ met1  │
│ 1.09  │ 437.97  │ 400.00   │ _022709_             │ _078183_/A                             │ met1  │
│ 1.07  │ 426.60  │ 400.00   │ _057697_             │ hold21411/A                            │ met3  │
│ 1.03  │ 411.36  │ 400.00   │ _055690_             │ hold40067/A                            │ met1  │
│ 1.02  │ 408.87  │ 400.00   │ _055983_             │ _113482_/A                             │ met1  │
└───────┴─────────┴──────────┴──────────────────────┴────────────────────────────────────────┴───────┘
