┏━━━━━━━┳━━━━━━━━━┳━━━━━━━━━━┳━━━━━━━━━━━━━━━━━━━━━━┳━━━━━━━━━━━━━━━━━━━━━━━━━━━━━━━━━━━━━━━━┳━━━━━━━┓
┃ P / R ┃ Partial ┃ Required ┃ Net                  ┃ Pin                                    ┃ Layer ┃
┡━━━━━━━╇━━━━━━━━━╇━━━━━━━━━━╇━━━━━━━━━━━━━━━━━━━━━━╇━━━━━━━━━━━━━━━━━━━━━━━━━━━━━━━━━━━━━━━━╇━━━━━━━┩
│ 4.58  │ 1833.67 │ 400.00   │ net5781              │ hold78/A                               │ met1  │
│ 3.29  │ 1314.33 │ 400.00   │ _001513_             │ _122699_/D                             │ met1  │
│ 2.83  │ 1133.84 │ 400.00   │ net15021             │ _113354_/B2                            │ met1  │
│ 2.48  │ 6880.17 │ 2773.88  │ wbs_dat_o_neuro[27\] │ ANTENNA_neuro_inst_wbs_dat_o[27]/DIODE │ met3  │
│ 2.44  │ 6759.84 │ 2773.88  │ wbs_dat_o_neuro[14\] │ ANTENNA_neuro_inst_wbs_dat_o[14]/DIODE │ met3  │
│ 2.33  │ 930.81  │ 400.00   │ net17951             │ hold37204/A                            │ met1  │
│ 2.23  │ 893.90  │ 400.00   │ _005261_             │ hold32036/A                            │ met3  │
│ 1.98  │ 793.72  │ 400.00   │ net21468             │ _122562_/D                             │ met1  │
│ 1.96  │ 783.24  │ 400.00   │ net711               │ _113429_/B1                            │ met1  │
│ 1.95  │ 5414.66 │ 2773.88  │ wbs_dat_o_neuro[23\] │ ANTENNA_neuro_inst_wbs_dat_o[23]/DIODE │ met3  │
│ 1.95  │ 779.36  │ 400.00   │ net13861             │ hold34425/A                            │ met1  │
│ 1.93  │ 5358.79 │ 2773.88  │ wbs_dat_o_neuro[22\] │ ANTENNA_neuro_inst_wbs_dat_o[22]/DIODE │ met3  │
│ 1.89  │ 754.75  │ 400.00   │ _000612_             │ hold16396/A                            │ met1  │
│ 1.86  │ 743.44  │ 400.00   │ net882               │ _113239_/A2                            │ met1  │
│ 1.79  │ 717.36  │ 400.00   │ _055669_             │ hold40318/A                            │ met1  │
│ 1.73  │ 692.94  │ 400.00   │ net37704             │ _062401_/B                             │ met1  │
│ 1.72  │ 686.94  │ 400.00   │ net36389             │ _066624_/A                             │ met1  │
│ 1.71  │ 4731.45 │ 2773.88  │ wbs_dat_o_neuro[3\]  │ ANTENNA_neuro_inst_wbs_dat_o[3]/DIODE  │ met3  │
│ 1.58  │ 632.18  │ 400.00   │ net1471              │ fanout1470/A                           │ met1  │
│ 1.55  │ 621.06  │ 400.00   │ net2126              │ _116292_/A                             │ met1  │
│ 1.43  │ 572.06  │ 400.00   │ net5513              │ _111346_/A_N                           │ met1  │
│ 1.31  │ 3641.74 │ 2773.88  │ wbs_dat_o_neuro[28\] │ _061062_/A1                            │ met3  │
│ 1.31  │ 3641.74 │ 2773.88  │ wbs_dat_o_neuro[28\] │ ANTENNA__061062__A1/DIODE              │ met3  │
│ 1.30  │ 519.28  │ 400.00   │ net43621             │ _115259_/A0                            │ met1  │
│ 1.30  │ 518.75  │ 400.00   │ net4920              │ fanout4917/A                           │ met1  │
│ 1.28  │ 511.00  │ 400.00   │ net2732              │ _113499_/B2                            │ met1  │
│ 1.24  │ 495.64  │ 400.00   │ net19206             │ _113945_/A1                            │ met1  │
│ 1.24  │ 495.58  │ 400.00   │ net36639             │ hold7146/A                             │ met1  │
│ 1.23  │ 491.25  │ 400.00   │ _057283_             │ _114797_/B                             │ met1  │
│ 1.21  │ 482.26  │ 400.00   │ net1330              │ _074907_/C1                            │ met1  │
│ 1.20  │ 479.75  │ 400.00   │ _044444_             │ _101200_/A2                            │ met1  │
│ 1.20  │ 478.08  │ 400.00   │ _002969_             │ hold15840/A                            │ met1  │
│ 1.15  │ 458.15  │ 400.00   │ net1445              │ fanout1434/A                           │ met1  │
│ 1.13  │ 451.58  │ 400.00   │ net37948             │ hold16302/A                            │ met1  │
│ 1.12  │ 449.69  │ 400.00   │ net3955              │ _080641_/D                             │ met1  │
│ 1.12  │ 449.13  │ 400.00   │ net775               │ _114240_/B1                            │ met1  │
│ 1.12  │ 448.67  │ 400.00   │ net21377             │ _123640_/D                             │ met1  │
│ 1.11  │ 442.03  │ 400.00   │ _002922_             │ hold17100/A                            │ met1  │
│ 1.07  │ 426.78  │ 400.00   │ net42529             │ _116799_/A0                            │ met1  │
│ 1.06  │ 424.67  │ 400.00   │ _057676_             │ fanout620/A                            │ met1  │
│ 1.06  │ 422.75  │ 400.00   │ net23152             │ _105632_/B                             │ met1  │
│ 1.05  │ 418.86  │ 400.00   │ _002454_             │ hold15288/A                            │ met1  │
│ 1.04  │ 415.93  │ 400.00   │ net1425              │ fanout1424/A                           │ met1  │
│ 1.02  │ 408.44  │ 400.00   │ net21650             │ _123642_/D                             │ met1  │
│ 1.01  │ 404.50  │ 400.00   │ _049255_             │ fanout291/A                            │ met1  │
└───────┴─────────┴──────────┴──────────────────────┴────────────────────────────────────────┴───────┘
