┏━━━━━━━┳━━━━━━━━━┳━━━━━━━━━━┳━━━━━━━━━━━━━━━━━━━━━━┳━━━━━━━━━━━━━━━━━━━━━━━━━━━━━━━━━━━━━━━━┳━━━━━━━┓
┃ P / R ┃ Partial ┃ Required ┃ Net                  ┃ Pin                                    ┃ Layer ┃
┡━━━━━━━╇━━━━━━━━━╇━━━━━━━━━━╇━━━━━━━━━━━━━━━━━━━━━━╇━━━━━━━━━━━━━━━━━━━━━━━━━━━━━━━━━━━━━━━━╇━━━━━━━┩
│ 4.58  │ 1831.11 │ 400.00   │ net5781              │ hold78/A                               │ met1  │
│ 3.53  │ 1412.47 │ 400.00   │ net19586             │ hold36356/A                            │ met1  │
│ 3.43  │ 1370.75 │ 400.00   │ net18987             │ hold36102/A                            │ met1  │
│ 3.37  │ 1346.89 │ 400.00   │ _001513_             │ _122699_/D                             │ met1  │
│ 3.24  │ 1296.06 │ 400.00   │ net41784             │ _116847_/A0                            │ met1  │
│ 2.82  │ 1128.22 │ 400.00   │ net42413             │ _116313_/A0                            │ met1  │
│ 2.28  │ 913.56  │ 400.00   │ net37704             │ _062401_/B                             │ met1  │
│ 2.18  │ 872.69  │ 400.00   │ net55                │ hold31437/A                            │ met1  │
│ 2.10  │ 839.85  │ 400.00   │ net1471              │ fanout1470/A                           │ met1  │
│ 2.06  │ 5719.42 │ 2773.88  │ wbs_dat_o_neuro[30\] │ ANTENNA_neuro_inst_wbs_dat_o[30]/DIODE │ met3  │
│ 2.04  │ 816.44  │ 400.00   │ net36389             │ _066624_/A                             │ met1  │
│ 2.00  │ 5534.87 │ 2773.88  │ wbs_dat_o_neuro[28\] │ ANTENNA_neuro_inst_wbs_dat_o[28]/DIODE │ met3  │
│ 1.98  │ 793.72  │ 400.00   │ net21468             │ _122562_/D                             │ met1  │
│ 1.96  │ 5426.51 │ 2773.88  │ wbs_dat_o_neuro[24\] │ ANTENNA_neuro_inst_wbs_dat_o[24]/DIODE │ met3  │
│ 1.89  │ 754.75  │ 400.00   │ _000612_             │ hold16396/A                            │ met1  │
│ 1.88  │ 5209.79 │ 2773.88  │ wbs_dat_o_neuro[12\] │ ANTENNA_neuro_inst_wbs_dat_o[12]/DIODE │ met3  │
│ 1.76  │ 702.53  │ 400.00   │ net32538             │ _119049_/A1                            │ met1  │
│ 1.71  │ 4734.02 │ 2773.88  │ wbs_dat_o_neuro[2\]  │ ANTENNA_neuro_inst_wbs_dat_o[2]/DIODE  │ met3  │
│ 1.57  │ 627.08  │ 400.00   │ _000762_             │ hold16668/A                            │ met1  │
│ 1.52  │ 606.64  │ 400.00   │ net16408             │ hold35531/A                            │ met1  │
│ 1.51  │ 604.73  │ 400.00   │ net967               │ _114442_/A2                            │ met1  │
│ 1.44  │ 575.83  │ 400.00   │ net5513              │ _111346_/A_N                           │ met1  │
│ 1.44  │ 574.25  │ 400.00   │ _055669_             │ hold40318/A                            │ met1  │
│ 1.37  │ 549.95  │ 400.00   │ net5549              │ fanout5529/A                           │ met1  │
│ 1.27  │ 509.50  │ 400.00   │ net6593              │ wire5374/A                             │ met1  │
│ 1.25  │ 500.06  │ 400.00   │ net5811              │ _061028_/A                             │ met2  │
│ 1.24  │ 494.94  │ 400.00   │ net3785              │ hold3385/A                             │ met1  │
│ 1.23  │ 492.28  │ 400.00   │ net19206             │ _113945_/A1                            │ met1  │
│ 1.23  │ 490.42  │ 400.00   │ net41473             │ _116725_/A0                            │ met1  │
│ 1.22  │ 488.97  │ 400.00   │ net1330              │ _074907_/C1                            │ met1  │
│ 1.21  │ 485.97  │ 400.00   │ net36639             │ hold7146/A                             │ met1  │
│ 1.21  │ 485.02  │ 400.00   │ net5145              │ hold18421/A                            │ met3  │
│ 1.19  │ 475.52  │ 400.00   │ net1445              │ fanout1434/A                           │ met1  │
│ 1.18  │ 472.26  │ 400.00   │ net4920              │ fanout4917/A                           │ met1  │
│ 1.17  │ 469.20  │ 400.00   │ net1094              │ _112938_/B1                            │ met1  │
│ 1.16  │ 465.72  │ 400.00   │ _044444_             │ _101200_/A2                            │ met1  │
│ 1.13  │ 451.58  │ 400.00   │ net3955              │ _080641_/D                             │ met1  │
│ 1.12  │ 447.81  │ 400.00   │ net38937             │ hold15771/A                            │ met1  │
│ 1.11  │ 445.72  │ 400.00   │ net41244             │ _116281_/A0                            │ met1  │
│ 1.11  │ 444.89  │ 400.00   │ net21377             │ _123640_/D                             │ met1  │
│ 1.11  │ 442.37  │ 400.00   │ net764               │ _113631_/B1                            │ met1  │
│ 1.11  │ 442.03  │ 400.00   │ _002922_             │ hold17100/A                            │ met1  │
│ 1.10  │ 439.06  │ 400.00   │ net4156              │ hold15297/A                            │ met1  │
│ 1.08  │ 432.90  │ 400.00   │ net2666              │ _113412_/A1                            │ met2  │
│ 1.07  │ 426.31  │ 400.00   │ _057311_             │ _114827_/B                             │ met2  │
│ 1.06  │ 422.75  │ 400.00   │ net23152             │ _105632_/B                             │ met1  │
│ 1.06  │ 422.42  │ 400.00   │ net24021             │ _118891_/A2                            │ met1  │
│ 1.04  │ 414.10  │ 400.00   │ _049255_             │ fanout291/A                            │ met1  │
└───────┴─────────┴──────────┴──────────────────────┴────────────────────────────────────────┴───────┘
