
===========================================================================
 report_power
============================================================================
======================= nom_ff_n40C_1v95 Corner ===================================

Group                    Internal    Switching      Leakage        Total
                            Power        Power        Power        Power (Watts)
------------------------------------------------------------------------
Sequential           1.145136e-02 1.073039e-08 1.104650e-07 1.145148e-02  37.7%
Combinational        3.026172e-04 1.163458e-03 1.567292e-06 1.467642e-03   4.8%
Clock                9.019990e-03 8.133065e-03 8.743822e-08 1.715314e-02  56.4%
Macro                3.141761e-04 2.265267e-06 2.302500e-09 3.164436e-04   1.0%
Pad                  0.000000e+00 0.000000e+00 0.000000e+00 0.000000e+00   0.0%
------------------------------------------------------------------------
Total                2.108803e-02 9.298777e-03 1.767530e-06 3.038858e-02 100.0%
                            69.4%        30.6%         0.0%

