
===========================================================================
 report_power
============================================================================
======================= nom_ff_n40C_1v95 Corner ===================================

Group                    Internal    Switching      Leakage        Total
                            Power        Power        Power        Power (Watts)
------------------------------------------------------------------------
Sequential           1.145646e-02 1.666241e-09 1.098517e-07 1.145657e-02  38.1%
Combinational        3.031605e-04 1.156647e-03 1.575433e-06 1.461383e-03   4.9%
Clock                8.738615e-03 8.081993e-03 8.588247e-08 1.682069e-02  56.0%
Macro                3.141761e-04 2.297018e-06 2.302500e-09 3.164754e-04   1.1%
Pad                  0.000000e+00 0.000000e+00 0.000000e+00 0.000000e+00   0.0%
------------------------------------------------------------------------
Total                2.081232e-02 9.240931e-03 1.773501e-06 3.005503e-02 100.0%
                            69.2%        30.7%         0.0%

