
===========================================================================
 report_power
============================================================================
======================= nom_ff_n40C_1v95 Corner ===================================

Group                    Internal    Switching      Leakage        Total
                            Power        Power        Power        Power (Watts)
------------------------------------------------------------------------
Sequential           1.145991e-02 2.164085e-09 1.097339e-07 1.146002e-02  37.1%
Combinational        2.990261e-04 1.146131e-03 1.573056e-06 1.446730e-03   4.7%
Clock                9.599892e-03 8.038430e-03 9.074659e-08 1.763841e-02  57.2%
Macro                3.141761e-04 2.954001e-06 2.302500e-09 3.171324e-04   1.0%
Pad                  0.000000e+00 0.000000e+00 0.000000e+00 0.000000e+00   0.0%
------------------------------------------------------------------------
Total                2.167298e-02 9.187502e-03 1.775875e-06 3.086225e-02 100.0%
                            70.2%        29.8%         0.0%

