
===========================================================================
 report_power
============================================================================
======================= nom_ss_100C_1v60 Corner ===================================

Group                    Internal    Switching      Leakage        Total
                            Power        Power        Power        Power (Watts)
------------------------------------------------------------------------
Sequential           7.618627e-03 7.164760e-09 8.796518e-05 7.706599e-03  36.1%
Combinational        2.097350e-04 7.893995e-04 5.433515e-04 1.542486e-03   7.2%
Clock                6.418025e-03 5.355733e-03 2.523655e-05 1.179899e-02  55.2%
Macro                3.141761e-04 2.269582e-06 2.302500e-09 3.164479e-04   1.5%
Pad                  0.000000e+00 0.000000e+00 0.000000e+00 0.000000e+00   0.0%
------------------------------------------------------------------------
Total                1.456058e-02 6.147386e-03 6.565179e-04 2.136448e-02 100.0%
                            68.2%        28.8%         3.1%

