
===========================================================================
 report_power
============================================================================
======================= nom_ss_100C_1v60 Corner ===================================

Group                    Internal    Switching      Leakage        Total
                            Power        Power        Power        Power (Watts)
------------------------------------------------------------------------
Sequential           7.622234e-03 1.021964e-09 8.788166e-05 7.710116e-03  36.5%
Combinational        2.101248e-04 7.849513e-04 5.455189e-04 1.540595e-03   7.3%
Clock                6.219068e-03 5.319053e-03 2.474615e-05 1.156287e-02  54.7%
Macro                3.141761e-04 2.301334e-06 2.302500e-09 3.164797e-04   1.5%
Pad                  0.000000e+00 0.000000e+00 0.000000e+00 0.000000e+00   0.0%
------------------------------------------------------------------------
Total                1.436563e-02 6.106296e-03 6.581109e-04 2.113003e-02 100.0%
                            68.0%        28.9%         3.1%

